// Jest Snapshot v1, https://goo.gl/fbAQLP

exports[`FluentMessageBar renders 1`] = `
<MessageBarComponent
  OnDismiss={[Function]}
  Url="https://google.com"
  body="Body"
  getPopoverRoot={[Function]}
  height={-1}
  items={
    Array [
      Object {
        "appearance": "primary",
        "data": MockEntityRecord {
          "getNamedReference": [MockFunction],
          "id": "1",
          "values": Object {
            "ItemAppearance": "Primary",
            "ItemDisplayName": "Add",
            "ItemIconName": "Add",
            "ItemIconStyle": "Filled",
            "ItemKey": "toolAdd",
            "ItemVisible": true,
          },
        },
        "disabled": false,
        "iconName": "Add",
        "iconStyle": "Filled",
        "id": "1",
        "key": "toolAdd",
        "name": "Add",
        "tooltip": undefined,
        "visible": true,
      },
      Object {
        "appearance": "subtle",
        "data": MockEntityRecord {
          "getNamedReference": [MockFunction],
          "id": "2",
          "values": Object {
            "ItemAppearance": "Subtle",
            "ItemDisplayName": "Edit",
            "ItemIconName": "Edit",
            "ItemIconStyle": "Regular",
            "ItemKey": "toolEdit",
            "ItemVisible": true,
          },
        },
        "disabled": false,
        "iconName": "Edit",
        "iconStyle": "Regular",
        "id": "2",
        "key": "toolEdit",
        "name": "Edit",
        "tooltip": undefined,
        "visible": true,
      },
    ]
  }
  linkText="Link"
  messageBarIntent="info"
  messageBarShape="square"
  onResize={[Function]}
  onSelected={[Function]}
  title="Title"
  width={-1}
/>
`;

exports[`FluentMessageBar should update view correctly 1`] = `
<MessageBarComponent
  OnDismiss={[Function]}
  Url="https://google.com"
  body="Body"
  getPopoverRoot={[Function]}
  height={-1}
  items={
    Array [
      Object {
        "appearance": "primary",
        "data": MockEntityRecord {
          "getNamedReference": [MockFunction],
          "id": "1",
          "values": Object {
            "ItemAppearance": "Primary",
            "ItemDisplayName": "Add",
            "ItemIconName": "Add",
            "ItemIconStyle": "Filled",
            "ItemKey": "toolAdd",
            "ItemVisible": true,
          },
        },
        "disabled": false,
        "iconName": "Add",
        "iconStyle": "Filled",
        "id": "1",
        "key": "toolAdd",
        "name": "Add",
        "tooltip": undefined,
        "visible": true,
      },
      Object {
        "appearance": "subtle",
        "data": MockEntityRecord {
          "getNamedReference": [MockFunction],
          "id": "2",
          "values": Object {
            "ItemAppearance": "Subtle",
            "ItemDisplayName": "Edit",
            "ItemIconName": "Edit",
            "ItemIconStyle": "Regular",
            "ItemKey": "toolEdit",
            "ItemVisible": true,
          },
        },
        "disabled": false,
        "iconName": "Edit",
        "iconStyle": "Regular",
        "id": "2",
        "key": "toolEdit",
        "name": "Edit",
        "tooltip": undefined,
        "visible": true,
      },
    ]
  }
  linkText="Link"
  messageBarIntent="info"
  messageBarShape="square"
  onResize={[Function]}
  onSelected={[Function]}
  title="Title"
  width={-1}
/>
`;
