// Jest Snapshot v1, https://goo.gl/fbAQLP

exports[`DatasetMapping returns correct props when custom color is true  1`] = `
Array [
  Object {
    "color": "Red",
    "data": 30,
    "id": "1",
    "key": "item1",
    "legend": "Item 1",
  },
  Object {
    "color": "Blue",
    "data": 20,
    "id": "2",
    "key": "item1_2",
    "legend": "Item 2",
  },
]
`;
