// Jest Snapshot v1, https://goo.gl/fbAQLP

exports[`Guage renders 1`] = `
<Memo(CanvasGaugeChart)
  chartTitle=""
  chartValue={0}
  height={-1}
  maxValue={0}
  minValue={0}
  segments={
    Array [
      Object {
        "color": "Red",
        "id": "1",
        "key": "item1",
        "legend": "Item 1",
        "size": 20,
      },
      Object {
        "color": "Red",
        "id": "1",
        "key": "item1_2",
        "legend": "Item 1",
        "size": 20,
      },
    ]
  }
  sublabel=""
  themeJSON=""
  width={-1}
/>
`;
